../Core/Src/esp.c:27:12:esp_at_command	24	static
../Core/Src/esp.c:56:12:esp_reset	16	static
../Core/Src/esp.c:66:12:esp_get_ip_addr	32	static
../Core/Src/esp.c:113:12:request_ip_addr	32	static
../Core/Src/esp.c:152:5:esp_client_conn	80	static
../Core/Src/esp.c:164:5:drv_esp_init	8	static
../Core/Src/esp.c:182:6:reset_func	8	static
../Core/Src/esp.c:191:6:version_func	16	static
../Core/Src/esp.c:204:6:ap_conn_func	88	static
../Core/Src/esp.c:236:6:ip_state_func	16	static
../Core/Src/esp.c:251:5:drv_esp_test_command	160	static
../Core/Src/esp.c:353:6:HAL_UART_RxCpltCallback	16	static
../Core/Src/esp.c:384:6:AiotClient_Init	8	static
../Core/Src/esp.c:397:6:esp_send_data	88	static
../Core/Src/esp.c:410:5:drv_uart_init	8	static
../Core/Src/esp.c:427:5:drv_uart_tx_buffer	16	static
../Core/Src/esp.c:434:5:__io_putchar	16	static
