../Core/Src/esp.c:27:12:esp_at_command	24	static
../Core/Src/esp.c:56:12:esp_reset	16	static
../Core/Src/esp.c:66:12:esp_get_ip_addr	32	static
../Core/Src/esp.c:113:12:request_ip_addr	32	static
../Core/Src/esp.c:150:5:esp_client_conn	80	static
../Core/Src/esp.c:161:5:drv_esp_init	8	static
../Core/Src/esp.c:179:6:reset_func	8	static
../Core/Src/esp.c:188:6:version_func	16	static
../Core/Src/esp.c:201:6:ap_conn_func	88	static
../Core/Src/esp.c:222:6:ip_state_func	16	static
../Core/Src/esp.c:237:5:drv_esp_test_command	160	static
../Core/Src/esp.c:339:6:HAL_UART_RxCpltCallback	16	static
../Core/Src/esp.c:370:6:AiotClient_Init	8	static
../Core/Src/esp.c:382:6:esp_send_data	88	static
../Core/Src/esp.c:394:5:drv_uart_init	8	static
../Core/Src/esp.c:411:5:drv_uart_tx_buffer	16	static
../Core/Src/esp.c:418:5:__io_putchar	16	static
